

================================================================
== Vitis HLS Report for 'rotation_matrix_initial'
================================================================
* Date:           Tue Jul 18 18:12:14 2023

* Version:        2022.2.2 (Build 3779808 on Feb 17 2023)
* Project:        threed_render_hls
* Solution:       solution1 (Vivado IP Flow Target)
* Product family: zynq
* Target device:  xc7z020-clg400-1


================================================================
== Performance Estimates
================================================================
+ Timing: 
    * Summary: 
    +--------+----------+----------+------------+
    |  Clock |  Target  | Estimated| Uncertainty|
    +--------+----------+----------+------------+
    |ap_clk  |  10.00 ns|  7.120 ns|     2.70 ns|
    +--------+----------+----------+------------+

+ Latency: 
    * Summary: 
    +---------+---------+----------+----------+-----+-----+---------+
    |  Latency (cycles) |  Latency (absolute) |  Interval | Pipeline|
    |   min   |   max   |    min   |    max   | min | max |   Type  |
    +---------+---------+----------+----------+-----+-----+---------+
    |       53|       54|  0.530 us|  0.540 us|   53|   54|       no|
    +---------+---------+----------+----------+-----+-----+---------+

    + Detail: 
        * Instance: 
        +------------------------------+--------------------+---------+---------+----------+----------+-----+-----+---------+
        |                              |                    |  Latency (cycles) |  Latency (absolute) |  Interval | Pipeline|
        |           Instance           |       Module       |   min   |   max   |    min   |    max   | min | max |   Type  |
        +------------------------------+--------------------+---------+---------+----------+----------+-----+-----+---------+
        |grp_sin_or_cos_float_s_fu_88  |sin_or_cos_float_s  |       30|       31|  0.300 us|  0.310 us|   30|   31|       no|
        +------------------------------+--------------------+---------+---------+----------+----------+-----+-----+---------+

        * Loop: 
        N/A



================================================================
== Utilization Estimates
================================================================
* Summary: 
+-----------------+---------+-----+--------+-------+-----+
|       Name      | BRAM_18K| DSP |   FF   |  LUT  | URAM|
+-----------------+---------+-----+--------+-------+-----+
|DSP              |        -|    -|       -|      -|    -|
|Expression       |        -|    -|       0|     41|    -|
|FIFO             |        -|    -|       -|      -|    -|
|Instance         |        -|   12|    1848|   3196|    -|
|Memory           |        -|    -|       -|      -|    -|
|Multiplexer      |        -|    -|       -|    160|    -|
|Register         |        -|    -|     188|      -|    -|
+-----------------+---------+-----+--------+-------+-----+
|Total            |        0|   12|    2036|   3397|    0|
+-----------------+---------+-----+--------+-------+-----+
|Available        |      280|  220|  106400|  53200|    0|
+-----------------+---------+-----+--------+-------+-----+
|Utilization (%)  |        0|    5|       1|      6|    0|
+-----------------+---------+-----+--------+-------+-----+

+ Detail: 
    * Instance: 
    +-----------------------------------+-------------------------------+---------+----+------+------+-----+
    |              Instance             |             Module            | BRAM_18K| DSP|  FF  |  LUT | URAM|
    +-----------------------------------+-------------------------------+---------+----+------+------+-----+
    |fdiv_32ns_32ns_32_16_no_dsp_1_U35  |fdiv_32ns_32ns_32_16_no_dsp_1  |        0|   0|     0|     0|    0|
    |fmul_32ns_32ns_32_4_max_dsp_1_U34  |fmul_32ns_32ns_32_4_max_dsp_1  |        0|   3|   143|   321|    0|
    |grp_sin_or_cos_float_s_fu_88       |sin_or_cos_float_s             |        0|   9|  1705|  2875|    0|
    +-----------------------------------+-------------------------------+---------+----+------+------+-----+
    |Total                              |                               |        0|  12|  1848|  3196|    0|
    +-----------------------------------+-------------------------------+---------+----+------+------+-----+

    * DSP: 
    N/A

    * Memory: 
    N/A

    * FIFO: 
    N/A

    * Expression: 
    +--------------------+----------+----+---+----+------------+------------+
    |    Variable Name   | Operation| DSP| FF| LUT| Bitwidth P0| Bitwidth P1|
    +--------------------+----------+----+---+----+------------+------------+
    |or_ln27_fu_110_p2   |        or|   0|  0|   2|           1|           1|
    |or_ln29_fu_122_p2   |        or|   0|  0|   2|           1|           1|
    |xor_ln27_fu_104_p2  |       xor|   0|  0|   2|           1|           2|
    |xor_ln29_fu_116_p2  |       xor|   0|  0|   2|           1|           2|
    |xor_ln32_fu_131_p2  |       xor|   0|  0|  33|          32|          33|
    +--------------------+----------+----+---+----+------------+------------+
    |Total               |          |   0|  0|  41|          36|          39|
    +--------------------+----------+----+---+----+------------+------------+

    * Multiplexer: 
    +-------------------------------------+-----+-----------+-----+-----------+
    |                 Name                | LUT | Input Size| Bits| Total Bits|
    +-------------------------------------+-----+-----------+-----+-----------+
    |ap_NS_fsm                            |  117|         26|    1|         26|
    |ap_phi_mux_retval_0_phi_fu_61_p6     |   20|          4|   32|        128|
    |ap_return                            |    9|          2|   32|         64|
    |grp_sin_or_cos_float_s_fu_88_do_cos  |   14|          3|    1|          3|
    +-------------------------------------+-----+-----------+-----+-----------+
    |Total                                |  160|         35|   66|        221|
    +-------------------------------------+-----+-----------+-----+-----------+

    * Register: 
    +-------------------------------------------+----+----+-----+-----------+
    |                    Name                   | FF | LUT| Bits| Const Bits|
    +-------------------------------------------+----+----+-----+-----------+
    |ap_CS_fsm                                  |  25|   0|   25|          0|
    |ap_return_preg                             |  32|   0|   32|          0|
    |div_reg_147                                |  32|   0|   32|          0|
    |grp_sin_or_cos_float_s_fu_88_ap_start_reg  |   1|   0|    1|          0|
    |or_ln27_reg_152                            |   1|   0|    1|          0|
    |or_ln29_reg_161                            |   1|   0|    1|          0|
    |tmp_reg_165                                |  32|   0|   32|          0|
    |tmp_s_reg_170                              |  32|   0|   32|          0|
    |x_assign_reg_156                           |  32|   0|   32|          0|
    +-------------------------------------------+----+----+-----+-----------+
    |Total                                      | 188|   0|  188|          0|
    +-------------------------------------------+----+----+-----+-----------+



================================================================
== Interface
================================================================
* Summary: 
+----------------+-----+-----+------------+-------------------------+--------------+
|    RTL Ports   | Dir | Bits|  Protocol  |      Source Object      |    C Type    |
+----------------+-----+-----+------------+-------------------------+--------------+
|ap_clk          |   in|    1|  ap_ctrl_hs|  rotation_matrix_initial|  return value|
|ap_rst          |   in|    1|  ap_ctrl_hs|  rotation_matrix_initial|  return value|
|ap_start        |   in|    1|  ap_ctrl_hs|  rotation_matrix_initial|  return value|
|ap_done         |  out|    1|  ap_ctrl_hs|  rotation_matrix_initial|  return value|
|ap_idle         |  out|    1|  ap_ctrl_hs|  rotation_matrix_initial|  return value|
|ap_ready        |  out|    1|  ap_ctrl_hs|  rotation_matrix_initial|  return value|
|ap_return       |  out|   32|  ap_ctrl_hs|  rotation_matrix_initial|  return value|
|rotation_theta  |   in|   32|     ap_none|           rotation_theta|        scalar|
|add_or_sub      |   in|    1|     ap_none|               add_or_sub|        scalar|
|sin_or_cos      |   in|    1|     ap_none|               sin_or_cos|        scalar|
+----------------+-----+-----+------------+-------------------------+--------------+

