

================================================================
== Vitis HLS Report for 'sin_or_cos_float_s'
================================================================
* Date:           Tue Jul 18 18:12:13 2023

* Version:        2022.2.2 (Build 3779808 on Feb 17 2023)
* Project:        threed_render_hls
* Solution:       solution1 (Vivado IP Flow Target)
* Product family: zynq
* Target device:  xc7z020-clg400-1


================================================================
== Performance Estimates
================================================================
+ Timing: 
    * Summary: 
    +--------+----------+----------+------------+
    |  Clock |  Target  | Estimated| Uncertainty|
    +--------+----------+----------+------------+
    |ap_clk  |  10.00 ns|  7.120 ns|     2.70 ns|
    +--------+----------+----------+------------+

+ Latency: 
    * Summary: 
    +---------+---------+----------+----------+-----+-----+---------+
    |  Latency (cycles) |  Latency (absolute) |  Interval | Pipeline|
    |   min   |   max   |    min   |    max   | min | max |   Type  |
    +---------+---------+----------+----------+-----+-----+---------+
    |       30|       31|  0.300 us|  0.310 us|   30|   31|       no|
    +---------+---------+----------+----------+-----+-----+---------+

    + Detail: 
        * Instance: 
        +----------------------------------------+-----------------------------+---------+---------+-----------+-----------+-----+-----+---------+
        |                                        |                             |  Latency (cycles) |   Latency (absolute)  |  Interval | Pipeline|
        |                Instance                |            Module           |   min   |   max   |    min    |    max    | min | max |   Type  |
        +----------------------------------------+-----------------------------+---------+---------+-----------+-----------+-----+-----+---------+
        |grp_sin_or_cos_float_Pipeline_1_fu_268  |sin_or_cos_float_Pipeline_1  |        4|        4|  40.000 ns|  40.000 ns|    4|    4|       no|
        |grp_sin_or_cos_float_Pipeline_2_fu_276  |sin_or_cos_float_Pipeline_2  |        4|        5|  40.000 ns|  50.000 ns|    4|    5|       no|
        +----------------------------------------+-----------------------------+---------+---------+-----------+-----------+-----+-----+---------+

        * Loop: 
        N/A



================================================================
== Utilization Estimates
================================================================
* Summary: 
+-----------------+---------+-----+--------+-------+-----+
|       Name      | BRAM_18K| DSP |   FF   |  LUT  | URAM|
+-----------------+---------+-----+--------+-------+-----+
|DSP              |        -|    2|       -|      -|    -|
|Expression       |        -|    -|       0|   1313|    -|
|FIFO             |        -|    -|       -|      -|    -|
|Instance         |        -|    7|     762|   1156|    -|
|Memory           |        -|    -|     168|    293|    -|
|Multiplexer      |        -|    -|       -|    113|    -|
|Register         |        -|    -|     775|      -|    -|
+-----------------+---------+-----+--------+-------+-----+
|Total            |        0|    9|    1705|   2875|    0|
+-----------------+---------+-----+--------+-------+-----+
|Available        |      280|  220|  106400|  53200|    0|
+-----------------+---------+-----+--------+-------+-----+
|Utilization (%)  |        0|    4|       1|      5|    0|
+-----------------+---------+-----+--------+-------+-----+

+ Detail: 
    * Instance: 
    +----------------------------------------+-----------------------------+---------+----+-----+-----+-----+
    |                Instance                |            Module           | BRAM_18K| DSP|  FF | LUT | URAM|
    +----------------------------------------+-----------------------------+---------+----+-----+-----+-----+
    |mul_23s_22ns_45_1_1_U16                 |mul_23s_22ns_45_1_1          |        0|   1|    0|   31|    0|
    |mul_30s_29ns_58_2_1_U17                 |mul_30s_29ns_58_2_1          |        0|   3|  118|   47|    0|
    |mul_80s_24ns_80_5_1_U12                 |mul_80s_24ns_80_5_1          |        0|   3|  441|  256|    0|
    |mux_164_1_1_1_U14                       |mux_164_1_1_1                |        0|   0|    0|   65|    0|
    |mux_164_1_1_1_U15                       |mux_164_1_1_1                |        0|   0|    0|   65|    0|
    |mux_83_1_1_1_U13                        |mux_83_1_1_1                 |        0|   0|    0|   42|    0|
    |grp_sin_or_cos_float_Pipeline_1_fu_268  |sin_or_cos_float_Pipeline_1  |        0|   0|   68|  141|    0|
    |grp_sin_or_cos_float_Pipeline_2_fu_276  |sin_or_cos_float_Pipeline_2  |        0|   0|  135|  509|    0|
    +----------------------------------------+-----------------------------+---------+----+-----+-----+-----+
    |Total                                   |                             |        0|   7|  762| 1156|    0|
    +----------------------------------------+-----------------------------+---------+----+-----+-----+-----+

    * DSP: 
    +------------------------------+--------------------------+-----------+
    |           Instance           |          Module          | Expression|
    +------------------------------+--------------------------+-----------+
    |mul_mul_15ns_15ns_30_4_1_U18  |mul_mul_15ns_15ns_30_4_1  |    i0 * i0|
    |mul_mul_15ns_15s_30_4_1_U19   |mul_mul_15ns_15s_30_4_1   |    i0 * i1|
    +------------------------------+--------------------------+-----------+

    * Memory: 
    +-----------------------------------+---------------------------------------------------------------------+---------+-----+-----+-----+------+-----+------+-------------+
    |               Memory              |                                Module                               | BRAM_18K|  FF | LUT | URAM| Words| Bits| Banks| W*Bits*Banks|
    +-----------------------------------+---------------------------------------------------------------------+---------+-----+-----+-----+------+-----+------+-------------+
    |ref_4oPi_table_100_V_U             |sin_or_cos_float_s_ref_4oPi_table_100_V_ROM_1P_LUTRAM_1R             |        0|  100|   21|    0|    13|  100|     1|         1300|
    |second_order_float_sin_cos_K0_V_U  |sin_or_cos_float_s_second_order_float_sin_cos_K0_V_ROM_1P_LUTRAM_1R  |        0|   30|  120|    0|   256|   30|     1|         7680|
    |second_order_float_sin_cos_K1_V_U  |sin_or_cos_float_s_second_order_float_sin_cos_K1_V_ROM_1P_LUTRAM_1R  |        0|   23|   92|    0|   256|   23|     1|         5888|
    |second_order_float_sin_cos_K2_V_U  |sin_or_cos_float_s_second_order_float_sin_cos_K2_V_ROM_1P_LUTRAM_1R  |        0|   15|   60|    0|   256|   15|     1|         3840|
    +-----------------------------------+---------------------------------------------------------------------+---------+-----+-----+-----+------+-----+------+-------------+
    |Total                              |                                                                     |        0|  168|  293|    0|   781|  168|     4|        18708|
    +-----------------------------------+---------------------------------------------------------------------+---------+-----+-----+-----+------+-----+------+-------------+

    * FIFO: 
    N/A

    * Expression: 
    +----------------------------+----------+----+---+-----+------------+------------+
    |        Variable Name       | Operation| DSP| FF| LUT | Bitwidth P0| Bitwidth P1|
    +----------------------------+----------+----+---+-----+------------+------------+
    |Ex_V_fu_499_p2              |         +|   0|  0|   15|           8|           8|
    |add_ln214_fu_323_p2         |         +|   0|  0|   15|           8|           7|
    |add_ln329_fu_998_p2         |         +|   0|  0|   14|           9|           7|
    |ret_V_33_fu_882_p2          |         +|   0|  0|   30|          30|          30|
    |ret_V_34_fu_892_p2          |         +|   0|  0|   30|          30|          30|
    |Ex_V_3_fu_538_p2            |         -|   0|  0|   15|           8|           8|
    |Mx_bits_V_1_fu_435_p2       |         -|   0|  0|   65|           1|          58|
    |newexp_fu_1008_p2           |         -|   0|  0|   39|          32|          32|
    |sub_ln1512_fu_556_p2        |         -|   0|  0|   14|           1|           9|
    |and_ln300_1_fu_1092_p2      |       and|   0|  0|    2|           1|           1|
    |and_ln300_fu_818_p2         |       and|   0|  0|    2|           1|           1|
    |p_Result_s_fu_429_p2        |       and|   0|  0|    2|           1|           1|
    |results_sign_V_2_fu_827_p2  |       and|   0|  0|    2|           1|           1|
    |results_sign_V_3_fu_785_p2  |       and|   0|  0|    2|           1|           1|
    |closepath_fu_313_p2         |      icmp|   0|  0|   11|           8|           7|
    |icmp_ln1019_1_fu_356_p2     |      icmp|   0|  0|   15|          23|           1|
    |icmp_ln1019_2_fu_575_p2     |      icmp|   0|  0|   11|           8|           2|
    |icmp_ln1019_fu_570_p2       |      icmp|   0|  0|   11|           8|           1|
    |icmp_ln1653_fu_964_p2       |      icmp|   0|  0|   17|          29|           1|
    |lshr_ln1488_fu_586_p2       |      lshr|   0|  0|  100|          32|          32|
    |or_ln300_fu_1110_p2         |        or|   0|  0|    2|           1|           1|
    |or_ln311_fu_1072_p2         |        or|   0|  0|    2|           1|           1|
    |or_ln335_fu_1022_p2         |        or|   0|  0|    2|           1|           1|
    |Ex_V_4_fu_969_p3            |    select|   0|  0|    8|           1|           1|
    |Mx_V_1_fu_861_p3            |    select|   0|  0|   29|           1|           2|
    |Mx_bits_V_3_fu_440_p3       |    select|   0|  0|   58|           1|          58|
    |addr_V_fu_329_p3            |    select|   0|  0|    8|           1|           6|
    |cos_basis_fu_660_p3         |    select|   0|  0|    2|           1|           1|
    |k_V_1_fu_511_p3             |    select|   0|  0|    3|           1|           1|
    |results_exp_V_1_fu_1077_p3  |    select|   0|  0|    8|           1|           8|
    |results_exp_V_fu_1085_p3    |    select|   0|  0|    8|           1|           8|
    |results_sig_V_fu_1122_p3    |    select|   0|  0|   23|           1|          23|
    |results_sign_V_4_fu_832_p3  |    select|   0|  0|    2|           1|           1|
    |results_sign_V_fu_772_p3    |    select|   0|  0|    2|           1|           1|
    |select_ln1513_fu_598_p3     |    select|   0|  0|   32|           1|          32|
    |select_ln288_fu_1058_p3     |    select|   0|  0|    7|           1|           7|
    |select_ln300_3_fu_1102_p3   |    select|   0|  0|    2|           1|           2|
    |select_ln300_fu_1114_p3     |    select|   0|  0|   23|           1|           1|
    |select_ln311_fu_1065_p3     |    select|   0|  0|    2|           1|           2|
    |select_ln318_1_fu_1047_p3   |    select|   0|  0|   23|           1|          23|
    |select_ln318_fu_991_p3      |    select|   0|  0|   32|           1|          32|
    |select_ln482_fu_504_p3      |    select|   0|  0|    8|           1|           8|
    |sin_basis_fu_668_p3         |    select|   0|  0|    2|           1|           1|
    |ush_fu_562_p3               |    select|   0|  0|    9|           1|           9|
    |r_V_38_fu_365_p2            |       shl|   0|  0|  325|         100|         100|
    |r_fu_523_p2                 |       shl|   0|  0|  169|          58|          58|
    |shl_ln1454_fu_592_p2        |       shl|   0|  0|  100|          32|          32|
    |xor_ln1027_fu_424_p2        |       xor|   0|  0|    2|           1|           2|
    |xor_ln271_fu_654_p2         |       xor|   0|  0|    2|           1|           2|
    |xor_ln300_fu_1096_p2        |       xor|   0|  0|    2|           2|           1|
    |xor_ln307_fu_822_p2         |       xor|   0|  0|    2|           1|           2|
    |xor_ln311_fu_780_p2         |       xor|   0|  0|    2|           1|           2|
    +----------------------------+----------+----+---+-----+------------+------------+
    |Total                       |          |   0|  0| 1313|         460|         667|
    +----------------------------+----------+----+---+-----+------------+------------+

    * Multiplexer: 
    +-----------+-----+-----------+-----+-----------+
    |    Name   | LUT | Input Size| Bits| Total Bits|
    +-----------+-----+-----------+-----+-----------+
    |ap_NS_fsm  |  113|         24|    1|         24|
    +-----------+-----+-----------+-----+-----------+
    |Total      |  113|         24|    1|         24|
    +-----------+-----+-----------+-----+-----------+

    * Register: 
    +-----------------------------------------------------+----+----+-----+-----------+
    |                         Name                        | FF | LUT| Bits| Const Bits|
    +-----------------------------------------------------+----+----+-----+-----------+
    |B_reg_1312                                           |  22|   0|   22|          0|
    |Ex_V_3_reg_1283                                      |   8|   0|    8|          0|
    |Med_V_reg_1234                                       |  80|   0|   80|          0|
    |Mx_V_1_reg_1396                                      |  29|   0|   29|          0|
    |Mx_V_reg_1277                                        |  29|   0|   29|          0|
    |Mx_bits_V_3_reg_1260                                 |  58|   0|   58|          0|
    |Mx_bits_V_reg_1249                                   |  58|   0|   58|          0|
    |Mx_zeros_reg_1265                                    |   6|   0|    6|          0|
    |and_ln300_reg_1380                                   |   1|   0|    1|          0|
    |ap_CS_fsm                                            |  23|   0|   23|          0|
    |closepath_reg_1206                                   |   1|   0|    1|          0|
    |cos_basis_reg_1334                                   |   1|   0|    1|          0|
    |din_exp_V_reg_1199                                   |   8|   0|    8|          0|
    |grp_sin_or_cos_float_Pipeline_1_fu_268_ap_start_reg  |   1|   0|    1|          0|
    |grp_sin_or_cos_float_Pipeline_2_fu_276_ap_start_reg  |   1|   0|    1|          0|
    |icmp_ln1019_1_reg_1228                               |   1|   0|    1|          0|
    |icmp_ln1019_2_reg_1304                               |   1|   0|    1|          0|
    |icmp_ln1019_reg_1298                                 |   1|   0|    1|          0|
    |icmp_ln1653_reg_1448                                 |   1|   0|    1|          0|
    |in_shift_V_1_cast_loc_fu_188                         |  28|   0|   28|          0|
    |isNeg_reg_1288                                       |   1|   0|    1|          0|
    |k_V_1_reg_1271                                       |   3|   0|    3|          0|
    |k_V_reg_1255                                         |   3|   0|    3|          0|
    |p_Result_58_reg_1193                                 |   1|   0|    1|          0|
    |p_Result_59_reg_1213                                 |  23|   0|   23|          0|
    |p_Result_64_reg_1432                                 |  16|   0|   32|         16|
    |p_Result_65_reg_1437                                 |  13|   0|   32|         19|
    |result_V_reg_1416                                    |  29|   0|   29|          0|
    |results_sign_V_3_reg_1355                            |   1|   0|    1|          0|
    |results_sign_V_4_reg_1386                            |   1|   0|    1|          0|
    |ret_V_34_reg_1401                                    |  30|   0|   30|          0|
    |ret_V_reg_1244                                       |  80|   0|   80|          0|
    |rhs_16_reg_1391                                      |  22|   0|   22|          0|
    |second_order_float_sin_cos_K1_V_load_reg_1370        |  23|   0|   23|          0|
    |shift_1_loc_fu_184                                   |  32|   0|   32|          0|
    |shift_loc_fu_192                                     |  32|   0|   32|          0|
    |t1_V_reg_1365                                        |  29|   0|   29|          0|
    |targetBlock_reg_1453                                 |   1|   0|    1|          0|
    |tmp_12_reg_1317                                      |   7|   0|    7|          0|
    |tmp_13_reg_1422                                      |  16|   0|   16|          0|
    |tmp_14_reg_1427                                      |  13|   0|   13|          0|
    |trunc_ln10_loc_fu_180                                |  28|   0|   28|          0|
    |trunc_ln628_reg_1223                                 |   4|   0|    4|          0|
    |ush_reg_1293                                         |   9|   0|    9|          0|
    +-----------------------------------------------------+----+----+-----+-----------+
    |Total                                                | 775|   0|  810|         35|
    +-----------------------------------------------------+----+----+-----+-----------+



================================================================
== Interface
================================================================
* Summary: 
+-----------+-----+-----+------------+-------------------+--------------+
| RTL Ports | Dir | Bits|  Protocol  |   Source Object   |    C Type    |
+-----------+-----+-----+------------+-------------------+--------------+
|ap_clk     |   in|    1|  ap_ctrl_hs|  sin_or_cos<float>|  return value|
|ap_rst     |   in|    1|  ap_ctrl_hs|  sin_or_cos<float>|  return value|
|ap_start   |   in|    1|  ap_ctrl_hs|  sin_or_cos<float>|  return value|
|ap_done    |  out|    1|  ap_ctrl_hs|  sin_or_cos<float>|  return value|
|ap_idle    |  out|    1|  ap_ctrl_hs|  sin_or_cos<float>|  return value|
|ap_ready   |  out|    1|  ap_ctrl_hs|  sin_or_cos<float>|  return value|
|ap_return  |  out|   32|  ap_ctrl_hs|  sin_or_cos<float>|  return value|
|t_in       |   in|   32|     ap_none|               t_in|        scalar|
|do_cos     |   in|    1|     ap_none|             do_cos|        scalar|
+-----------+-----+-----+------------+-------------------+--------------+

